../Core/Src/cmd_handler.c:43:16:crc8	24	static
../Core/Src/cmd_handler.c:59:13:usb_send	16	static
../Core/Src/cmd_handler.c:74:13:cmd_help	8	static
../Core/Src/cmd_handler.c:87:13:cmd_start	8	static
../Core/Src/cmd_handler.c:93:13:cmd_stop	8	static
../Core/Src/cmd_handler.c:99:13:cmd_single	8	static
../Core/Src/cmd_handler.c:105:13:cmd_rate	88	static
../Core/Src/cmd_handler.c:114:13:cmd_channel	96	static
../Core/Src/cmd_handler.c:126:13:cmd_status	128	static
../Core/Src/cmd_handler.c:146:13:cmd_id	8	static
../Core/Src/cmd_handler.c:154:13:process_line	88	static
../Core/Src/cmd_handler.c:186:6:CMD_Init	8	static
../Core/Src/cmd_handler.c:194:6:CMD_ProcessInput	24	static
../Core/Src/cmd_handler.c:209:6:CMD_SendDataFrame	32	static
../Core/Src/cmd_handler.c:231:6:CMD_SendText	24	static
../Core/Src/cmd_handler.c:242:6:CMD_Tick	8	static
